{
  "checkpoint": {
    "kafka-source": {
      "0000000000": "0000000042"
    }
  },
  "create_timestamp": 1789,
  "doc_mapping": {
    "field_mappings": [
      {
        "fast": true,
        "indexed": true,
        "name": "tenant_id",
        "stored": true,
        "type": "u64"
      },
      {
        "fast": true,
        "indexed": true,
        "name": "timestamp",
        "stored": true,
        "type": "i64"
      },
      {
        "fast": false,
        "fieldnorms": false,
        "indexed": true,
        "name": "log_level",
        "record": "basic",
        "stored": true,
        "tokenizer": "raw",
        "type": "text"
      },
      {
        "fast": false,
        "fieldnorms": false,
        "indexed": true,
        "name": "message",
        "record": "position",
        "stored": true,
        "tokenizer": "default",
        "type": "text"
      }
    ],
    "store_source": true,
    "tag_fields": [
      "log_level",
      "tenant_id"
    ]
  },
  "index_id": "my-index",
  "index_uri": "s3://quickwit-indexes/my-index",
  "indexing_settings": {
    "commit_timeout_secs": 301,
    "demux_enabled": true,
    "demux_field": "tenant_id",
    "merge_enabled": true,
    "merge_policy": {
      "demux_factor": 7,
      "max_merge_factor": 11,
      "merge_factor": 9
    },
    "resources": {
      "heap_size": 3,
      "num_threads": 3
    },
    "sort_field": "timestamp",
    "sort_order": "asc",
    "split_num_docs_target": 10000001,
    "timestamp_field": "timestamp"
  },
  "search_settings": {
    "default_search_fields": [
      "message"
    ]
  },
  "sources": [
    {
      "params": {
        "client_params": {},
        "topic": "kafka-topic"
      },
      "source_id": "kafka-source",
      "source_type": "kafka"
    }
  ],
  "update_timestamp": 1789,
  "version": "1"
}
